Compiling the C compiler identification source file "CMakeCCompilerId.c" failed.
Compiler: C:/Users/31622/.espressif/tools/xtensa-esp-elf/esp-13.2.0_20240530/xtensa-esp-elf/bin/xtensa-esp32s3-elf-gcc.exe 
Build flags: -mlongcalls;;-fno-builtin-memcpy;-fno-builtin-memset;-fno-builtin-bzero;-fno-builtin-stpcpy;-fno-builtin-strncpy;@"D:/wbj/AI-Project/ESP32-S3-view/ESP32/examples/ESP-IDF/DX48480021ET-WB-A-LVGL/build/toolchain/cflags"
Id flags:  

The output was:
1
C:/Users/31622/.espressif/tools/xtensa-esp-elf/esp-13.2.0_20240530/xtensa-esp-elf/bin/../lib/gcc/xtensa-esp-elf/13.2.0/../../../../xtensa-esp-elf/bin/ld.exe: cannot find @"D:/wbj/AI-Project/ESP32-S3-view/ESP32/examples/ESP-IDF/DX48480021ET-WB-A-LVGL/build/toolchain/cflags": Invalid argument
collect2.exe: error: ld returned 1 exit status


Compiling the C compiler identification source file "CMakeCCompilerId.c" failed.
Compiler: C:/Users/31622/.espressif/tools/xtensa-esp-elf/esp-13.2.0_20240530/xtensa-esp-elf/bin/xtensa-esp32s3-elf-gcc.exe 
Build flags: -mlongcalls;;-fno-builtin-memcpy;-fno-builtin-memset;-fno-builtin-bzero;-fno-builtin-stpcpy;-fno-builtin-strncpy;@"D:/wbj/AI-Project/ESP32-S3-view/ESP32/examples/ESP-IDF/DX48480021ET-WB-A-LVGL/build/toolchain/cflags"
Id flags: -c 

The output was:
1
xtensa-esp-elf-gcc.exe: warning: @"D:/wbj/AI-Project/ESP32-S3-view/ESP32/examples/ESP-IDF/DX48480021ET-WB-A-LVGL/build/toolchain/cflags": linker input file unused because linking not done
xtensa-esp-elf-gcc.exe: error: @"D:/wbj/AI-Project/ESP32-S3-view/ESP32/examples/ESP-IDF/DX48480021ET-WB-A-LVGL/build/toolchain/cflags": linker input file not found: Invalid argument


Compiling the C compiler identification source file "CMakeCCompilerId.c" failed.
Compiler: C:/Users/31622/.espressif/tools/xtensa-esp-elf/esp-13.2.0_20240530/xtensa-esp-elf/bin/xtensa-esp32s3-elf-gcc.exe 
Build flags: -mlongcalls;;-fno-builtin-memcpy;-fno-builtin-memset;-fno-builtin-bzero;-fno-builtin-stpcpy;-fno-builtin-strncpy;@"D:/wbj/AI-Project/ESP32-S3-view/ESP32/examples/ESP-IDF/DX48480021ET-WB-A-LVGL/build/toolchain/cflags"
Id flags: -Aa 

The output was:
1
<command-line>: error: missing '(' after predicate


Compiling the C compiler identification source file "CMakeCCompilerId.c" failed.
Compiler: C:/Users/31622/.espressif/tools/xtensa-esp-elf/esp-13.2.0_20240530/xtensa-esp-elf/bin/xtensa-esp32s3-elf-gcc.exe 
Build flags: -mlongcalls;;-fno-builtin-memcpy;-fno-builtin-memset;-fno-builtin-bzero;-fno-builtin-stpcpy;-fno-builtin-strncpy;@"D:/wbj/AI-Project/ESP32-S3-view/ESP32/examples/ESP-IDF/DX48480021ET-WB-A-LVGL/build/toolchain/cflags"
Id flags: -D__CLASSIC_C__ 

The output was:
1
C:/Users/31622/.espressif/tools/xtensa-esp-elf/esp-13.2.0_20240530/xtensa-esp-elf/bin/../lib/gcc/xtensa-esp-elf/13.2.0/../../../../xtensa-esp-elf/bin/ld.exe: cannot find @"D:/wbj/AI-Project/ESP32-S3-view/ESP32/examples/ESP-IDF/DX48480021ET-WB-A-LVGL/build/toolchain/cflags": Invalid argument
collect2.exe: error: ld returned 1 exit status


Compiling the C compiler identification source file "CMakeCCompilerId.c" failed.
Compiler: C:/Users/31622/.espressif/tools/xtensa-esp-elf/esp-13.2.0_20240530/xtensa-esp-elf/bin/xtensa-esp32s3-elf-gcc.exe 
Build flags: -mlongcalls;;-fno-builtin-memcpy;-fno-builtin-memset;-fno-builtin-bzero;-fno-builtin-stpcpy;-fno-builtin-strncpy;@"D:/wbj/AI-Project/ESP32-S3-view/ESP32/examples/ESP-IDF/DX48480021ET-WB-A-LVGL/build/toolchain/cflags"
Id flags: --target=arm-arm-none-eabi;-mcpu=cortex-m3 

The output was:
1
xtensa-esp-elf-gcc.exe: error: unrecognized command-line option '--target=arm-arm-none-eabi'
xtensa-esp-elf-gcc.exe: error: unrecognized command-line option '-mcpu=cortex-m3'


Compiling the C compiler identification source file "CMakeCCompilerId.c" failed.
Compiler: C:/Users/31622/.espressif/tools/xtensa-esp-elf/esp-13.2.0_20240530/xtensa-esp-elf/bin/xtensa-esp32s3-elf-gcc.exe 
Build flags: -mlongcalls;;-fno-builtin-memcpy;-fno-builtin-memset;-fno-builtin-bzero;-fno-builtin-stpcpy;-fno-builtin-strncpy;@"D:/wbj/AI-Project/ESP32-S3-view/ESP32/examples/ESP-IDF/DX48480021ET-WB-A-LVGL/build/toolchain/cflags"
Id flags: -c;-I__does_not_exist__ 

The output was:
1
xtensa-esp-elf-gcc.exe: warning: @"D:/wbj/AI-Project/ESP32-S3-view/ESP32/examples/ESP-IDF/DX48480021ET-WB-A-LVGL/build/toolchain/cflags": linker input file unused because linking not done
xtensa-esp-elf-gcc.exe: error: @"D:/wbj/AI-Project/ESP32-S3-view/ESP32/examples/ESP-IDF/DX48480021ET-WB-A-LVGL/build/toolchain/cflags": linker input file not found: Invalid argument


Compiling the CXX compiler identification source file "CMakeCXXCompilerId.cpp" failed.
Compiler: C:/Users/31622/.espressif/tools/xtensa-esp-elf/esp-13.2.0_20240530/xtensa-esp-elf/bin/xtensa-esp32s3-elf-g++.exe 
Build flags: -mlongcalls;;-fno-builtin-memcpy;-fno-builtin-memset;-fno-builtin-bzero;-fno-builtin-stpcpy;-fno-builtin-strncpy;@"D:/wbj/AI-Project/ESP32-S3-view/ESP32/examples/ESP-IDF/DX48480021ET-WB-A-LVGL/build/toolchain/cxxflags"
Id flags:  

The output was:
1
C:/Users/31622/.espressif/tools/xtensa-esp-elf/esp-13.2.0_20240530/xtensa-esp-elf/bin/../lib/gcc/xtensa-esp-elf/13.2.0/../../../../xtensa-esp-elf/bin/ld.exe: cannot find @"D:/wbj/AI-Project/ESP32-S3-view/ESP32/examples/ESP-IDF/DX48480021ET-WB-A-LVGL/build/toolchain/cxxflags": Invalid argument
collect2.exe: error: ld returned 1 exit status


Compiling the CXX compiler identification source file "CMakeCXXCompilerId.cpp" failed.
Compiler: C:/Users/31622/.espressif/tools/xtensa-esp-elf/esp-13.2.0_20240530/xtensa-esp-elf/bin/xtensa-esp32s3-elf-g++.exe 
Build flags: -mlongcalls;;-fno-builtin-memcpy;-fno-builtin-memset;-fno-builtin-bzero;-fno-builtin-stpcpy;-fno-builtin-strncpy;@"D:/wbj/AI-Project/ESP32-S3-view/ESP32/examples/ESP-IDF/DX48480021ET-WB-A-LVGL/build/toolchain/cxxflags"
Id flags: -c 

The output was:
1
xtensa-esp-elf-g++.exe: warning: @"D:/wbj/AI-Project/ESP32-S3-view/ESP32/examples/ESP-IDF/DX48480021ET-WB-A-LVGL/build/toolchain/cxxflags": linker input file unused because linking not done
xtensa-esp-elf-g++.exe: error: @"D:/wbj/AI-Project/ESP32-S3-view/ESP32/examples/ESP-IDF/DX48480021ET-WB-A-LVGL/build/toolchain/cxxflags": linker input file not found: Invalid argument


Compiling the CXX compiler identification source file "CMakeCXXCompilerId.cpp" failed.
Compiler: C:/Users/31622/.espressif/tools/xtensa-esp-elf/esp-13.2.0_20240530/xtensa-esp-elf/bin/xtensa-esp32s3-elf-g++.exe 
Build flags: -mlongcalls;;-fno-builtin-memcpy;-fno-builtin-memset;-fno-builtin-bzero;-fno-builtin-stpcpy;-fno-builtin-strncpy;@"D:/wbj/AI-Project/ESP32-S3-view/ESP32/examples/ESP-IDF/DX48480021ET-WB-A-LVGL/build/toolchain/cxxflags"
Id flags: --c++ 

The output was:
1
xtensa-esp-elf-g++.exe: error: unrecognized command-line option '--c++'


Compiling the CXX compiler identification source file "CMakeCXXCompilerId.cpp" failed.
Compiler: C:/Users/31622/.espressif/tools/xtensa-esp-elf/esp-13.2.0_20240530/xtensa-esp-elf/bin/xtensa-esp32s3-elf-g++.exe 
Build flags: -mlongcalls;;-fno-builtin-memcpy;-fno-builtin-memset;-fno-builtin-bzero;-fno-builtin-stpcpy;-fno-builtin-strncpy;@"D:/wbj/AI-Project/ESP32-S3-view/ESP32/examples/ESP-IDF/DX48480021ET-WB-A-LVGL/build/toolchain/cxxflags"
Id flags: --ec++ 

The output was:
1
xtensa-esp-elf-g++.exe: error: unrecognized command-line option '--ec++'; did you mean '-Weffc++'?


Compiling the CXX compiler identification source file "CMakeCXXCompilerId.cpp" failed.
Compiler: C:/Users/31622/.espressif/tools/xtensa-esp-elf/esp-13.2.0_20240530/xtensa-esp-elf/bin/xtensa-esp32s3-elf-g++.exe 
Build flags: -mlongcalls;;-fno-builtin-memcpy;-fno-builtin-memset;-fno-builtin-bzero;-fno-builtin-stpcpy;-fno-builtin-strncpy;@"D:/wbj/AI-Project/ESP32-S3-view/ESP32/examples/ESP-IDF/DX48480021ET-WB-A-LVGL/build/toolchain/cxxflags"
Id flags: --target=arm-arm-none-eabi;-mcpu=cortex-m3 

The output was:
1
xtensa-esp-elf-g++.exe: error: unrecognized command-line option '--target=arm-arm-none-eabi'
xtensa-esp-elf-g++.exe: error: unrecognized command-line option '-mcpu=cortex-m3'


Compiling the CXX compiler identification source file "CMakeCXXCompilerId.cpp" failed.
Compiler: C:/Users/31622/.espressif/tools/xtensa-esp-elf/esp-13.2.0_20240530/xtensa-esp-elf/bin/xtensa-esp32s3-elf-g++.exe 
Build flags: -mlongcalls;;-fno-builtin-memcpy;-fno-builtin-memset;-fno-builtin-bzero;-fno-builtin-stpcpy;-fno-builtin-strncpy;@"D:/wbj/AI-Project/ESP32-S3-view/ESP32/examples/ESP-IDF/DX48480021ET-WB-A-LVGL/build/toolchain/cxxflags"
Id flags: -c;-I__does_not_exist__ 

The output was:
1
xtensa-esp-elf-g++.exe: warning: @"D:/wbj/AI-Project/ESP32-S3-view/ESP32/examples/ESP-IDF/DX48480021ET-WB-A-LVGL/build/toolchain/cxxflags": linker input file unused because linking not done
xtensa-esp-elf-g++.exe: error: @"D:/wbj/AI-Project/ESP32-S3-view/ESP32/examples/ESP-IDF/DX48480021ET-WB-A-LVGL/build/toolchain/cxxflags": linker input file not found: Invalid argument


